../drivers/Src/stm32f4xx_spi_driver.c:10:6:SPI_Init	24	static
../drivers/Src/stm32f4xx_spi_driver.c:52:6:SPI_PeriClockControl	16	static
../drivers/Src/stm32f4xx_spi_driver.c:75:6:SPI_PeripheralControl	16	static
../drivers/Src/stm32f4xx_spi_driver.c:86:6:SPI_SSIConfig	16	static
../drivers/Src/stm32f4xx_spi_driver.c:97:6:SPI_SSOEConfig	16	static
../drivers/Src/stm32f4xx_spi_driver.c:108:9:SPI_GetFlagStatus	16	static
../drivers/Src/stm32f4xx_spi_driver.c:119:6:SPI_SendData	24	static
../drivers/Src/stm32f4xx_spi_driver.c:144:6:SPI_ReceiveData	24	static
../drivers/Src/stm32f4xx_spi_driver.c:166:9:SPI_SendDataIT	32	static
../drivers/Src/stm32f4xx_spi_driver.c:181:6:SPI_ReceiveDataIT	32	static
../drivers/Src/stm32f4xx_spi_driver.c:192:6:SPI_IRQInterruptConfig	16	static
../drivers/Src/stm32f4xx_spi_driver.c:210:6:SPI_IRQPriorityConfig	24	static
../drivers/Src/stm32f4xx_spi_driver.c:217:6:SPI_IRQHandling	24	static
../drivers/Src/stm32f4xx_spi_driver.c:242:13:spi_txe_interrupt_handle	16	static
../drivers/Src/stm32f4xx_spi_driver.c:269:13:spi_rxe_interrupt_handle	16	static
../drivers/Src/stm32f4xx_spi_driver.c:294:13:spi_ovr_err_interrupt_handle	24	static
../drivers/Src/stm32f4xx_spi_driver.c:306:6:SPI_CloseTransmission	16	static
../drivers/Src/stm32f4xx_spi_driver.c:313:6:SPI_CloseReception	16	static
